{"id":"resp_0425d9b47bea4ee483f9701e908f2c1e","created_at":1764612622,"instructions":null,"metadata":null,"model":"@cf/openai/gpt-oss-120b","object":"response","output":[{"id":"rs_9aefe8e92504479380528924617538ac","content":[{"text":"The user asks in Bengali: \"You're an experienced legal advisor. According to Bangladesh Labour Act 2006, explain in detail the maternity leave rights and benefits for a garments worker. Provide answer in simple Bengali and in point format.\"\n\nWe need to comply. It's legal info, allowed. We can provide summary. Should be accurate. We'll list eligibility, duration, wage, leave, medical benefits, etc. Provide simple language.\n\nWe need to ensure we are not providing any disallowed content. This is permissible. We'll answer in Bengali.","type":"reasoning_text"}],"summary":[],"type":"reasoning","encrypted_content":null,"status":null},{"id":"msg_bc24404614d143309e1dbfacd152b00c","content":[{"annotations":[],"text":"**বাংলাদেশের শ্রম আইনের (Labour Act, ২০০৬) অধীনে গার্মেন্টস শ্রমিকের মাতৃত্বকালীন ছুটি ও সুবিধা**  \n*(সহজ ভাষায়, পয়েন্টে)*  \n\n1. **মাতৃত্বকালীন ছুটির মেয়াদ**  \n   - গর্ভবতী কর্মীকে **সপ্তাহে ১২ সপ্তাহ (৯০ দিন)** পরিশোধিত মাতৃত্বকালীন ছুটি দেওয়া হয়।  \n   - যদি গর্ভধারণের আগে কাজের সময় কমপক্ষে **৬ মাস** (একটি কন্ট্র্যাক্টে অন্তত ১৪৪ দিন) পূর্ণ হয়ে থাকে, তবে ছুটির অধিকার নিশ্চিত হয়।  \n\n2. **বেতন (মাতৃত্বকালীন ভাতা)**  \n   - ছুটির সময়ে নিয়োগকর্তা **গড় দৈনিক বেতন** (গৌণ শাসক সর্বশেষ ক্ষতিপূরণ) এর **৯০ %** পরিশোধ করতে হবে, সর্বোচ্চ **বিএসডি ৬,০০০** পর্যন্ত।  \n   - বেতন গড় হিসাবের জন্য শেষ **৩ মাসের (৯০ দিন)** মোট বেতনকে ৯০ দিয়ে ভাগ করা হয়।  \n\n3. **অগ্রিম ও পরিশোধের সময়সূচি**  \n   - মাতৃত্বকালীন ভাতা **ছুটির প্রথম দিনের পর ৭ দিনের মধ্যে** দিতে হবে।  \n   - যদি নিয়োগকর্তা ভাতা দেবে না, শ্রম আদালতে আবেদন করতে পারে এবং জরিমানা/দন্ডের সম্ভাবনা থাকে।  \n\n4. **মেডিক্যাল চেক‑আপ ও চিকিৎসা সেবা**  \n   - গর্ভবতী কর্মীকে **প্রি‑নাটাল চেক‑আপ** (কমপক্ষে ৪ বার) এবং **ডেলিভারি সেবা** পাবার অধিকার আছে।  \n   - এই সব চেক‑আপ ও ডেলিভারি-সম্পর্কিত খরচের **৫০ %** (কিছু ক্ষেত্রে ১০০ %) সরকারী স্বাস্থ্য বীমা বা বেসরকারি হসপিটালের মাধ্যমে কভার করা হয়।  \n\n5. **আবেদন প্রক্রিয়া**  \n   - গর্ভবতী কর্মী **মাতৃত্বকালীন ছুটি শুরু হওয়ার কমপক্ষে ৪ সপ্তাহ আগে** নিয়োগকর্তাকে লিখিতভাবে জানাতে হবে।  \n   - গর্ভধারণের **মেডিক্যাল সার্টিফিকেট** (ডাক্তারী মোহরযুক্ত) ও **শিক্ষা/সেবা রেকর্ড** সংযুক্ত করে জানাতে হবে।  \n\n6. **ছুটি সম্পূর্ণ না করা (অধিকাংশ কেসে)**  \n   - যদি কর্মী শারীরিক বা মেডিক্যাল কারণে পুরো ১২ সপ্তাহের ছুটি ব্যবহার না করতে পারে, তবে সে বাকি দিনগুলো **অবস্থানীয় কাজের পরিবর্তে** (যেমন হালকা কাজের নিয়োগ) ব্যবহার করতে পারে, এবং বেতন একই থাকবে।  \n\n7. **নিয়োগকর্তার দায়িত্ব**  \n   - গার্মেন্টস ফ্যাক্টরি বা অন্য কোনো প্রতিষ্ঠানে কর্মচারীর **মাতৃত্বকালীন ছুটি রেকর্ড রাখা** এবং **বেতন ও চিকিৎসা সুবিধা সময়মত প্রদান** বাধ্যতামূলক।  \n   - ছুটি না দেয়া, বেতন ঠিকমতো না দেয়া, অথবা কর্মীর গর্ভধারণের ভিত্তিতে অবিচারপূর্ণ আচরণ করলে **শ্রম আইনের অধীনে শাস্তি (যথা জবরদস্তি জরিমানা, ফৌজদারি দণ্ড ইত্যাদি)** প্রযোজ্য।  \n\n8. **অন্যান্য সুরক্ষা**  \n   - গর্ভবতী কর্মীকে **কাজের সময় অতিরিক্ত হাইড্রেশন, বিশ্রাম এবং নিরাপদ কাজের পরিবেশ** নিশ্চিত করতে হবে।  \n   - গর্ভাবস্থার কারণে কর্মীর **উচ্চ নিরাপত্তা ঝুঁকি (যেমন ভারী মেশিন অপারেশন)** কাজ থেকে অস্থায়ীভাবে অব্যাহতি দেওয়া যাবে।  \n\n9. **আইনের প্রয়োগের পর্যবেক্ষণ**  \n   - **শ্রম মন্ত্রণালয় ও শ্রম জেলা অফিস** ইস্যু করা অভিযোগের ভিত্তিতে পরিদর্শন করে এবং প্রয়োজনে শাস্তি জারি করে।  \n   - গার্মেন্টস শ্রমিকদের ইউনিয়ন বা সমিতি ঐ সমস্যায় **আইনি সহায়তা ও পরামর্শ** দিতে পারে।  \n\n---\n\n**সংক্ষেপে:**  \nগার্মেন্টস শ্রমিক যদি গর্ভবতী হন এবং ছয় মাসের বেশি কাজের অভিজ্ঞতা থাকে, তিনি ১২ সপ্তাহের মাতৃত্বকালীন ছুটি, গড় বেতনের ৯০ % (সর্বোচ্চ BDT 6,000) ভাতা, প্রি‑নাটাল ও ডেলিভারি চিকিৎসা সুবিধা, এবং ছুটি নিতে লিখিত আবেদন করার অধিকার পান। নিয়োগকর্তা এই সুবিধা প্রদানে ব্যর্থ হলে আইনি পদক্ষেপ নেওয়া যায়।  \n\nপ্রয়োজনে শ্রম আদালতে অভিযোগ দিন অথবা নিকটস্থ শ্রম দপ্তরে যোগাযোগ করুন।","type":"output_text","logprobs":null}],"role":"assistant","status":"completed","type":"message"}],"parallel_tool_calls":true,"temperature":1,"tool_choice":"auto","tools":[],"top_p":1,"background":false,"max_output_tokens":130929,"max_tool_calls":null,"previous_response_id":null,"prompt":null,"reasoning":null,"service_tier":"auto","status":"completed","text":null,"top_logprobs":0,"truncation":"disabled","usage":{"input_tokens":280,"output_tokens":863,"total_tokens":1143},"user":null}